     1                                 %line 1+1 a10procs.asm
     2                                 
     3                                 
     4                                 
     5                                 
     6                                 
     7                                 
     8                                 
     9                                 
    10                                 
    11                                 
    12                                 
    13                                 
    14                                 
    15                                 
    16                                 
    17                                 
    18                                 
    19                                 
    20                                 
    21                                 
    22                                 
    23                                 
    24                                 [section .data]
    25                                 
    26                                 
    27                                 
    28                                 
    29                                 TRUE equ 1
    30                                 FALSE equ 0
    31                                 
    32                                 SUCCESS equ 0
    33                                 NOSUCCESS equ 1
    34                                 
    35                                 STDIN equ 0
    36                                 STDOUT equ 1
    37                                 STDERR equ 2
    38                                 
    39                                 SYS_read equ 0
    40                                 SYS_write equ 1
    41                                 SYS_open equ 2
    42                                 SYS_close equ 3
    43                                 SYS_fork equ 57
    44                                 SYS_exit equ 60
    45                                 SYS_creat equ 85
    46                                 SYS_time equ 201
    47                                 
    48                                 LF equ 10
    49                                 SPACE equ " "
    50                                 NULL equ 0
    51                                 ESC equ 27
    52                                 
    53                                 
    54                                 
    55                                 
    56                                 GL_COLOR_BUFFER_BIT equ 16384
    57                                 GL_POINTS equ 0
    58                                 GL_POLYGON equ 9
    59                                 GL_PROJECTION equ 5889
    60                                 
    61                                 GLUT_RGB equ 0
    62                                 GLUT_SINGLE equ 0
    63                                 
    64                                 
    65                                 
    66                                 
    67                                 SPD_MIN equ 1
    68                                 SPD_MAX equ 50
    69                                 
    70                                 CLR_MIN equ 0
    71                                 CLR_MAX equ 0xFFFFFF
    72                                 
    73                                 SIZ_MIN equ 100
    74                                 SIZ_MAX equ 2000
    75                                 
    76                                 
    77                                 
    78                                 
    79                                 STR_LENGTH equ 12
    80                                 
    81 00000000 55736167653A202E2F-    errUsage db "Usage: ./wheels -sp <septNumber> -cl <septNumber> "
    82 00000000 776865656C73202D73-
    83 00000000 70203C736570744E75-
    84 00000000 6D6265723E202D636C-
    85 00000000 203C736570744E756D-
    86 00000000 6265723E20         
    87 00000032 2D737A203C73657074-     db "-sz <septNumber>"
    88 00000032 4E756D6265723E     
    89 00000042 0A00                    db LF, NULL
    90 00000044 4572726F722C20696E-    errBadCL db "Error, invalid or incomplete command line argument."
    91 00000044 76616C6964206F7220-
    92 00000044 696E636F6D706C6574-
    93 00000044 6520636F6D6D616E64-
    94 00000044 206C696E6520617267-
    95 00000044 756D656E742E       
    96 00000077 0A00                    db LF, NULL
    97                                 
    98 00000079 4572726F722C207370-    errSpdSpec db "Error, speed specifier incorrect."
    99 00000079 656564207370656369-
   100 00000079 6669657220696E636F-
   101 00000079 72726563742E       
   102 0000009A 0A00                    db LF, NULL
   103 0000009C 4572726F722C207370-    errSpdValue db "Error, speed value must be between 1 and 101(7)."
   104 0000009C 6565642076616C7565-
   105 0000009C 206D75737420626520-
   106 0000009C 6265747765656E2031-
   107 0000009C 20616E642031303128-
   108 0000009C 37292E             
   109 000000CC 0A00                    db LF, NULL
   110                                 
   111 000000CE 4572726F722C20636F-    errClrSpec db "Error, color specifier incorrect."
   112 000000CE 6C6F72207370656369-
   113 000000CE 6669657220696E636F-
   114 000000CE 72726563742E       
   115 000000EF 0A00                    db LF, NULL
   116 000000F1 4572726F722C20636F-    errClrValue db "Error, color value must be between 0 and 262414110(7)."
   117 000000F1 6C6F722076616C7565-
   118 000000F1 206D75737420626520-
   119 000000F1 6265747765656E2030-
   120 000000F1 20616E642032363234-
   121 000000F1 31343131302837292E 
   122 00000127 0A00                    db LF, NULL
   123                                 
   124 00000129 4572726F722C207369-    errSizSpec db "Error, size specifier incorrect."
   125 00000129 7A6520737065636966-
   126 00000129 69657220696E636F72-
   127 00000129 726563742E         
   128 00000149 0A00                    db LF, NULL
   129 0000014B 4572726F722C207369-    errSizValue db "Error, size value must be between 202(7) and 5555(7)."
   130 0000014B 7A652076616C756520-
   131 0000014B 6D7573742062652062-
   132 0000014B 65747765656E203230-
   133 0000014B 3228372920616E6420-
   134 0000014B 353535352837292E   
   135 00000180 0A00                    db LF, NULL
   136                                 
   137                                 
   138                                 
   139                                 
   140 00000182 0000000000000000       t dq 0.0
   141 0000018A 0000000000000000       s dq 0.0
   142 00000192 FCA9F1D24D62503F       tStep dq 0.001
   143 0000019A 0000000000000000       sStep dq 0.0
   144 000001A2 0000000000000000       x dq 0
   145 000001AA 0000000000000000       y dq 0
   146 000001B2 00000000004CBD40       scale dq 7500.0
   147                                 
   148 000001BA 0000000000000000       fltZero dq 0.0
   149 000001C2 000000000000F03F       fltOne dq 1.0
   150 000001CA 0000000000000040       fltTwo dq 2.0
   151 000001D2 0000000000000840       fltThree dq 3.0
   152 000001DA 0000000000001040       fltFour dq 4.0
   153 000001E2 0000000000001840       fltSix dq 6.0
   154 000001EA 0000000000000000       fltTwoPiS dq 0.0
   155                                 
   156 000001F2 F4D64354FB210940       pi dq 3.14159265358
   157                                 
   158 000001FA 0000000000000000       fltTmp1 dq 0.0
   159 00000202 0000000000000000       fltTmp2 dq 0.0
   160                                 
   161 0000020A 00000000               red dd 0
   162 0000020E 00000000               green dd 0
   163 00000212 00000000               blue dd 0
   164                                 
   165                                 
   166                                 
   167                                 
   168                                 [section .text]
   169                                 
   170                                 
   171                                 
   172                                 
   173                                 [extern glutInit]
   174                                 %line 137+0 a10procs.asm
   175                                 [extern glutInitDisplayMode]
   176                                 [extern glutInitWindowSize]
   177                                 [extern glutInitWindowPosition]
   178                                 %line 138+1 a10procs.asm
   179                                 [extern glutCreateWindow]
   180                                 %line 138+0 a10procs.asm
   181                                 [extern glutMainLoop]
   182                                 %line 139+1 a10procs.asm
   183                                 [extern glutDisplayFunc]
   184                                 %line 139+0 a10procs.asm
   185                                 [extern glutIdleFunc]
   186                                 [extern glutReshapeFunc]
   187                                 [extern glutKeyboardFunc]
   188                                 %line 140+1 a10procs.asm
   189                                 [extern glutSwapBuffers]
   190                                 %line 140+0 a10procs.asm
   191                                 [extern gluPerspective]
   192                                 [extern glutPostRedisplay]
   193                                 %line 141+1 a10procs.asm
   194                                 [extern glClearColor]
   195                                 %line 141+0 a10procs.asm
   196                                 [extern glClearDepth]
   197                                 [extern glDepthFunc]
   198                                 [extern glEnable]
   199                                 [extern glShadeModel]
   200                                 %line 142+1 a10procs.asm
   201                                 [extern glClear]
   202                                 %line 142+0 a10procs.asm
   203                                 [extern glLoadIdentity]
   204                                 [extern glMatrixMode]
   205                                 [extern glViewport]
   206                                 %line 143+1 a10procs.asm
   207                                 [extern glTranslatef]
   208                                 %line 143+0 a10procs.asm
   209                                 [extern glRotatef]
   210                                 [extern glBegin]
   211                                 [extern glEnd]
   212                                 [extern glVertex3f]
   213                                 [extern glColor3f]
   214                                 %line 144+1 a10procs.asm
   215                                 [extern glVertex2f]
   216                                 %line 144+0 a10procs.asm
   217                                 [extern glVertex2i]
   218                                 [extern glColor3ub]
   219                                 [extern glOrtho]
   220                                 [extern glFlush]
   221                                 [extern glVertex2d]
   222                                 %line 145+1 a10procs.asm
   223                                 
   224                                 [extern cos]
   225                                 %line 146+0 a10procs.asm
   226                                 [extern sin]
   227                                 %line 147+1 a10procs.asm
   228                                 
   229                                 
   230                                 
   231                                 
   232                                 
   233                                 
   234                                 
   235                                 
   236                                 
   237                                 
   238                                 
   239                                 
   240                                 
   241                                 
   242                                 
   243                                 
   244                                 
   245                                 
   246                                 
   247                                 
   248                                 
   249                                 
   250                                 
   251                                 [global getParams]
   252                                 getParams:
   253 00000000 55                     push rbp
   254 00000001 4889E5                 mov rbp, rsp
   255 00000004 4883EC27               sub rsp, 39
   256                                 
   257 00000008 4150                   push r8
   258 0000000A 4151                   push r9
   259 0000000C 4154                   push r12
   260 0000000E 4155                   push r13
   261 00000010 4156                   push r14
   262                                 
   263 00000012 4989FC                 mov r12, rdi
   264 00000015 49C7C500000000         mov r13, 0
   265 0000001C 4989F6                 mov r14, rsi
   266                                 
   267 0000001F 57                     push rdi
   268 00000020 56                     push rsi
   269                                 
   270                                 
   271 00000021 4983FC01               cmp r12, 1
   272 00000025 0F84BB010000           je errUsage_
   273                                 
   274                                 
   275 0000002B 4983FC07               cmp r12, 7
   276 0000002F 0F85BA010000           jne errBadCL_
   277                                 
   278                                 
   279                                 
   280 00000035 4D8B6E08               mov r13, qword[r14 + 8]
   281                                 
   282 00000039 41807D002D             cmp byte[r13], '-'
   283 0000003E 0F85B4010000           jne errSpdSpec_
   284 00000044 41807D0173             cmp byte[r13 + 1], 's'
   285 00000049 0F85A9010000           jne errSpdSpec_
   286 0000004F 41807D0270             cmp byte[r13 + 2], 'p'
   287 00000054 0F859E010000           jne errSpdSpec_
   288 0000005A 41807D0300             cmp byte[r13 + 3], NULL
   289 0000005F 0F8593010000           jne errSpdSpec_
   290                                 
   291                                 
   292 00000065 48C7C000000000         mov rax, 0
   293 0000006C 49C7C000000000         mov r8, 0
   294 00000073 4C8D4DEF               lea r9, byte[rbp - 17]
   295 00000077 4D8B6E10               mov r13, qword[r14 + 16]
   296                                 
   297                                 arg2Lp:
   298 0000007B 43807C050000           cmp byte[r13 + r8], NULL
   299 00000081 740C                   je arg2Convert
   300 00000083 438A440500             mov al, byte[r13 + r8]
   301 00000088 43880401               mov byte[r9 + r8], al
   302 0000008C 49FFC0                 inc r8
   303 0000008F EBE8                   jmp arg2Lp
   304                                 
   305                                 arg2Convert:
   306                                 
   307                                 
   308                                 
   309                                 
   310                                 
   311 00000091 43C6040100             mov byte[r9 + r8], NULL
   312 00000096 4C89CF                 mov rdi, r9
   313 00000099 4889D6                 mov rsi, rdx
   314                                 
   315 0000009C E889020000             call aSept2int
   316                                 
   317 000000A1 4883F800               cmp rax, FALSE
   318 000000A5 0F844D010000           je errSpdSpec_
   319                                 
   320 000000AB 4883F801               cmp rax, SPD_MIN
   321 000000AF 0F8C4C010000           jl errSpdValue_
   322                                 
   323 000000B5 4883F832               cmp rax, SPD_MAX
   324 000000B9 0F8F42010000           jg errSpdValue_
   325                                 
   326                                 
   327 000000BF 48890425[00000000]     mov qword[speed], rax
   328                                 
   329                                 
   330 000000C7 4D8B6E18               mov r13, qword[r14 + 24]
   331                                 
   332 000000CB 41807D002D             cmp byte[r13], '-'
   333 000000D0 0F8534010000           jne errClrSpec_
   334 000000D6 41807D0163             cmp byte[r13 + 1], 'c'
   335 000000DB 0F8529010000           jne errClrSpec_
   336 000000E1 41807D026C             cmp byte[r13 + 2], 'l'
   337 000000E6 0F851E010000           jne errClrSpec_
   338 000000EC 41807D0300             cmp byte[r13 + 3], NULL
   339 000000F1 0F8513010000           jne errClrSpec_
   340                                 
   341                                 
   342 000000F7 48C7C000000000         mov rax, 0
   343 000000FE 49C7C000000000         mov r8, 0
   344 00000105 4C8D4DE4               lea r9, byte[rbp - 28]
   345 00000109 4D8B6E20               mov r13, qword[r14 + 32]
   346                                 
   347                                 arg4Lp:
   348 0000010D 43807C050000           cmp byte[r13 + r8], NULL
   349 00000113 740C                   je arg4Convert
   350 00000115 438A440500             mov al, byte[r13 + r8]
   351 0000011A 43880401               mov byte[r9 + r8], al
   352 0000011E 49FFC0                 inc r8
   353 00000121 EBE8                   jmp arg4Lp
   354                                 
   355                                 arg4Convert:
   356                                 
   357                                 
   358                                 
   359                                 
   360                                 
   361 00000123 43C6040100             mov byte[r9 + r8], NULL
   362 00000128 4C89CF                 mov rdi, r9
   363 0000012B 4889D6                 mov rsi, rdx
   364                                 
   365 0000012E E8F7010000             call aSept2int
   366                                 
   367 00000133 4883F800               cmp rax, FALSE
   368 00000137 0F84CD000000           je errClrSpec_
   369                                 
   370 0000013D 4883F800               cmp rax, CLR_MIN
   371 00000141 0F8CCC000000           jl errClrValue_
   372                                 
   373 00000147 483DFFFFFF00           cmp rax, CLR_MAX
   374 0000014D 0F8FC0000000           jg errClrValue_
   375                                 
   376                                 
   377 00000153 48890425[00000000]     mov qword[color], rax
   378                                 
   379                                 
   380                                 
   381 0000015B 4D8B6E28               mov r13, qword[r14 + 40]
   382                                 
   383 0000015F 41807D002D             cmp byte[r13], '-'
   384 00000164 0F85B2000000           jne errSizSpec_
   385 0000016A 41807D0173             cmp byte[r13 + 1], 's'
   386 0000016F 0F85A7000000           jne errSizSpec_
   387 00000175 41807D027A             cmp byte[r13 + 2], 'z'
   388 0000017A 0F859C000000           jne errSizSpec_
   389 00000180 41807D0300             cmp byte[r13 + 3], NULL
   390 00000185 0F8591000000           jne errSizSpec_
   391                                 
   392                                 
   393 0000018B 48C7C000000000         mov rax, 0
   394 00000192 49C7C000000000         mov r8, 0
   395 00000199 4C8D4DD9               lea r9, byte[rbp - 39]
   396 0000019D 4D8B6E30               mov r13, qword[r14 + 48]
   397                                 
   398                                 arg6Lp:
   399 000001A1 43807C050000           cmp byte[r13 + r8], NULL
   400 000001A7 740C                   je arg6Convert
   401 000001A9 438A440500             mov al, byte[r13 + r8]
   402 000001AE 43880401               mov byte[r9 + r8], al
   403 000001B2 49FFC0                 inc r8
   404 000001B5 EBE8                   jmp arg6Lp
   405                                 
   406                                 arg6Convert:
   407                                 
   408                                 
   409                                 
   410                                 
   411                                 
   412 000001B7 43C6040100             mov byte[r9 + r8], NULL
   413 000001BC 4C89CF                 mov rdi, r9
   414 000001BF 4889D6                 mov rsi, rdx
   415                                 
   416 000001C2 E863010000             call aSept2int
   417                                 
   418 000001C7 4883F800               cmp rax, FALSE
   419 000001CB 7453                   je errSizSpec_
   420                                 
   421 000001CD 4883F864               cmp rax, SIZ_MIN
   422 000001D1 7C56                   jl errSizValue_
   423                                 
   424 000001D3 483DD0070000           cmp rax, SIZ_MAX
   425 000001D9 7F4E                   jg errSizValue_
   426                                 
   427 000001DB 48C7C001000000         mov rax, TRUE
   428 000001E2 EB5A                   jmp doneSuccess
   429                                 
   430                                 
   431 000001E4 48890425[00000000]     mov qword[size], rax
   432                                 
   433                                 
   434                                 
   435                                 errUsage_:
   436 000001EC 48C7C7[00000000]       mov rdi, errUsage
   437 000001F3 EB3D                   jmp doneError
   438                                 
   439                                 errBadCL_:
   440 000001F5 48C7C7[00000000]       mov rdi, errBadCL
   441 000001FC EB34                   jmp doneError
   442                                 
   443                                 errSpdSpec_:
   444 000001FE 48C7C7[00000000]       mov rdi, errSpdSpec
   445 00000205 EB2B                   jmp doneError
   446                                 
   447                                 errSpdValue_:
   448 00000207 48C7C7[00000000]       mov rdi, errSpdValue
   449 0000020E EB22                   jmp doneError
   450                                 
   451                                 errClrSpec_:
   452 00000210 48C7C7[00000000]       mov rdi, errClrSpec
   453 00000217 EB19                   jmp doneError
   454                                 
   455                                 errClrValue_:
   456 00000219 48C7C7[00000000]       mov rdi, errClrValue
   457 00000220 EB10                   jmp doneError
   458                                 
   459                                 errSizSpec_:
   460 00000222 48C7C7[00000000]       mov rdi, errSizSpec
   461 00000229 EB07                   jmp doneError
   462                                 
   463                                 errSizValue_:
   464 0000022B 48C7C7[00000000]       mov rdi, errSizValue
   465 00000232 EBFE                   jmp doneError
   466                                 
   467                                 doneError:
   468 00000234 E8BE000000             call printString
   469 00000239 48C7C000000000         mov rax, FALSE
   470                                 
   471                                 doneSuccess:
   472 00000240 5E                     pop rsi
   473 00000241 5F                     pop rdi
   474 00000242 415E                   pop r14
   475 00000244 415D                   pop r13
   476 00000246 415C                   pop r12
   477 00000248 4159                   pop r9
   478 0000024A 4158                   pop r8
   479                                 
   480 0000024C 4889EC                 mov rsp, rbp
   481 0000024F 5D                     pop rbp
   482                                 
   483 00000250 C3                     ret
   484                                 
   485                                 
   486                                 
   487                                 
   488                                 
   489                                 
   490                                 
   491                                 
   492                                 
   493                                 
   494                                 
   495                                 
   496                                 
   497                                 
   498                                 
   499                                 [common speed 1:4]
   500                                 [common color 1:4]
   501                                 [common size 1:4]
   502                                 
   503                                 [global drawWheels]
   504                                 drawWheels:
   505 00000251 55                      push rbp
   506                                 
   507                                 
   508                                 
   509                                 
   510                                 
   511                                 
   512                                 
   513                                 
   514 00000252 F20F2A0425[00000000]     cvtsi2sd xmm0, dword[speed]
   515                                 
   516 0000025B F20F5E0425[00000000]     divsd xmm0, qword[scale]
   517 00000264 F20F110425[00000000]     movsd qword[sStep], xmm0
   518                                 
   519                                 
   520                                 
   521                                 
   522 0000026D 48C7C700400000          mov rdi, GL_COLOR_BUFFER_BIT
   523 00000274 E8(F6FFFFFF)            call glClear
   524                                 
   525                                 
   526 00000279 48C7C700000000          mov rdi, GL_POINTS
   527 00000280 E8(F6FFFFFF)            call glBegin
   528                                 
   529                                 
   530                                 
   531                                 
   532                                 
   533 00000285 448B0C25[00000000]     mov r9d, dword[color]
   534 0000028D 490FB6D1               movzx rdx, r9b
   535 00000291 49C1E908               shr r9, 8
   536 00000295 490FB6F1               movzx rsi, r9b
   537 00000299 49C1E908               shr r9, 8
   538 0000029D 490FB6F9               movzx rdi, r9b
   539                                 
   540 000002A1 E8(F6FFFFFF)           call glColor3ub
   541                                 
   542                                 
   543                                 
   544                                 
   545                                 
   546                                 
   547                                 
   548                                 
   549                                 
   550                                 
   551                                 
   552                                 
   553                                 
   554 000002A6 E8(F6FFFFFF)            call glEnd
   555 000002AB E8(F6FFFFFF)            call glFlush
   556                                 
   557                                 
   558                                 
   559                                 
   560                                 
   561                                 
   562 000002B0 F20F100425[00000000]      movsd xmm0, qword [s]
   563 000002B9 F20F580425[00000000]      addsd xmm0, qword [sStep]
   564 000002C2 F20F110425[00000000]      movsd qword [s], xmm0
   565                                 
   566 000002CB F20F100425[00000000]      movsd xmm0, qword [s]
   567 000002D4 F20F100C25[00000000]      movsd xmm1, qword [fltOne]
   568 000002DD 660F2EC1                ucomisd xmm0, xmm1
   569 000002E1 7610                    jbe resetDone
   570                                 
   571 000002E3 F20F100425[00000000]      movsd xmm0, qword [fltZero]
   572 000002EC F20F110425[00000000]      movsd qword [sStep], xmm0
   573                                 resetDone:
   574                                 
   575 000002F5 E8(F6FFFFFF)            call glutPostRedisplay
   576                                 
   577                                 
   578                                 
   579 000002FA 5D                      pop rbp
   580 000002FB C3                      ret
   581                                 
   582                                 
   583                                 
   584                                 
   585                                 
   586                                 
   587                                 
   588                                 
   589                                 
   590                                 
   591                                 
   592                                 
   593                                 
   594                                 [global printString]
   595                                 printString:
   596 000002FC 53                      push rbx
   597                                 
   598                                 
   599                                 
   600                                 
   601 000002FD 4889FB                  mov rbx, rdi
   602 00000300 48C7C200000000          mov rdx, 0
   603                                 strCountLoop:
   604 00000307 803B00                  cmp byte [rbx], NULL
   605 0000030A 7406                    je strCountDone
   606 0000030C 48FFC3                  inc rbx
   607 0000030F 48FFC2                  inc rdx
   608 00000312 EBF1                    jmp strCountLoop
   609                                 strCountDone:
   610                                 
   611 00000314 4883FA00                cmp rdx, 0
   612 00000318 7411                    je prtDone
   613                                 
   614                                 
   615                                 
   616                                 
   617 0000031A 48C7C001000000          mov rax, SYS_write
   618 00000321 4889FE                  mov rsi, rdi
   619 00000324 48C7C701000000          mov rdi, STDOUT
   620                                 
   621 0000032B 0F05                    syscall
   622                                 
   623                                 
   624                                 
   625                                 
   626                                 prtDone:
   627 0000032D 5B                      pop rbx
   628 0000032E C3                      ret
   629                                 
   630                                 
   631                                 
   632                                 [global aSept2int]
   633                                 aSept2int:
   634                                 
   635 0000032F 53                     push rbx
   636 00000330 51                     push rcx
   637 00000331 52                     push rdx
   638 00000332 4154                   push r12
   639 00000334 4155                   push r13
   640 00000336 4156                   push r14
   641                                 
   642 00000338 49C7C200000000         mov r10, 0
   643 0000033F 49C7C600000000         mov r14, 0
   644 00000346 48C7C000000000         mov rax, 0
   645                                 
   646 0000034D EB07                   jmp checkLength
   647                                 
   648                                 spaces:
   649 0000034F 4883F800               cmp rax, 0
   650 00000353 754E                   jne convFail
   651 00000355 49FFC2                 inc r10
   652                                 
   653                                 checkLength:
   654 00000358 49C7C300000000         mov r11, 0
   655 0000035F 4983FE32               cmp r14, 50
   656 00000363 743E                   je convFail
   657                                 
   658 00000365 468A1C17               mov r11b, byte[rdi + r10]
   659 00000369 48C7C207000000         mov rdx, 7
   660 00000370 4180FB00               cmp r11b, NULL
   661 00000374 7434                   je convEnd
   662                                 
   663                                 conv2Int:
   664 00000376 4180FB20               cmp r11b, ' '
   665 0000037A 74D1                   je spaces
   666 0000037C 4180EB30               sub r11b, '0'
   667 00000380 4180FB00               cmp r11b, 0
   668 00000384 7C1D                   jl convFail
   669 00000386 4180FB07               cmp r11b, 7
   670 0000038A 7F17                   jg convFail
   671 0000038C 48F7E2                 mul rdx
   672 0000038F 4C01D8                 add rax, r11
   673                                 
   674 00000392 49FFC6                 inc r14
   675 00000395 49FFC2                 inc r10
   676 00000398 EBBC                   jmp checkLength
   677                                 
   678                                 convSuccess:
   679 0000039A 8906                   mov dword[rsi], eax
   680 0000039C 48C7C001000000         mov rax, TRUE
   681 000003A3 EB05                   jmp convEnd
   682                                 
   683                                 convFail:
   684 000003A5 48C7C000000000         mov rax, FALSE
   685                                 
   686                                 convEnd:
   687 000003AC 415E                   pop r14
   688 000003AE 415D                   pop r13
   689 000003B0 415C                   pop r12
   690 000003B2 5A                     pop rdx
   691 000003B3 59                     pop rcx
   692 000003B4 5B                     pop rbx
   693                                 
   694 000003B5 C3                     ret
