     1                                 %line 1+1 a10procs.asm
     2                                 
     3                                 
     4                                 
     5                                 
     6                                 
     7                                 
     8                                 
     9                                 
    10                                 
    11                                 
    12                                 
    13                                 
    14                                 
    15                                 
    16                                 
    17                                 
    18                                 
    19                                 
    20                                 
    21                                 
    22                                 
    23                                 
    24                                 [section .data]
    25                                 
    26                                 
    27                                 
    28                                 
    29                                 TRUE equ 1
    30                                 FALSE equ 0
    31                                 
    32                                 SUCCESS equ 0
    33                                 NOSUCCESS equ 1
    34                                 
    35                                 STDIN equ 0
    36                                 STDOUT equ 1
    37                                 STDERR equ 2
    38                                 
    39                                 SYS_read equ 0
    40                                 SYS_write equ 1
    41                                 SYS_open equ 2
    42                                 SYS_close equ 3
    43                                 SYS_fork equ 57
    44                                 SYS_exit equ 60
    45                                 SYS_creat equ 85
    46                                 SYS_time equ 201
    47                                 
    48                                 LF equ 10
    49                                 SPACE equ " "
    50                                 NULL equ 0
    51                                 ESC equ 27
    52                                 
    53                                 
    54                                 
    55                                 
    56                                 GL_COLOR_BUFFER_BIT equ 16384
    57                                 GL_POINTS equ 0
    58                                 GL_POLYGON equ 9
    59                                 GL_PROJECTION equ 5889
    60                                 
    61                                 GLUT_RGB equ 0
    62                                 GLUT_SINGLE equ 0
    63                                 
    64                                 
    65                                 
    66                                 
    67                                 SPD_MIN equ 1
    68                                 SPD_MAX equ 50
    69                                 
    70                                 CLR_MIN equ 0
    71                                 CLR_MAX equ 0xFFFFFF
    72                                 
    73                                 SIZ_MIN equ 100
    74                                 SIZ_MAX equ 2000
    75                                 
    76                                 
    77                                 
    78                                 
    79                                 STR_LENGTH equ 12
    80                                 
    81 00000000 55736167653A202E2F-    errUsage db "Usage: ./wheels -sp <septNumber> -cl <septNumber> "
    82 00000000 776865656C73202D73-
    83 00000000 70203C736570744E75-
    84 00000000 6D6265723E202D636C-
    85 00000000 203C736570744E756D-
    86 00000000 6265723E20         
    87 00000032 2D737A203C73657074-     db "-sz <septNumber>"
    88 00000032 4E756D6265723E     
    89 00000042 0A00                    db LF, NULL
    90 00000044 4572726F722C20696E-    errBadCL db "Error, invalid or incomplete command line argument."
    91 00000044 76616C6964206F7220-
    92 00000044 696E636F6D706C6574-
    93 00000044 6520636F6D6D616E64-
    94 00000044 206C696E6520617267-
    95 00000044 756D656E742E       
    96 00000077 0A00                    db LF, NULL
    97                                 
    98 00000079 4572726F722C207370-    errSpdSpec db "Error, speed specifier incorrect."
    99 00000079 656564207370656369-
   100 00000079 6669657220696E636F-
   101 00000079 72726563742E       
   102 0000009A 0A00                    db LF, NULL
   103 0000009C 4572726F722C207370-    errSpdValue db "Error, speed value must be between 1 and 101(7)."
   104 0000009C 6565642076616C7565-
   105 0000009C 206D75737420626520-
   106 0000009C 6265747765656E2031-
   107 0000009C 20616E642031303128-
   108 0000009C 37292E             
   109 000000CC 0A00                    db LF, NULL
   110                                 
   111 000000CE 4572726F722C20636F-    errClrSpec db "Error, color specifier incorrect."
   112 000000CE 6C6F72207370656369-
   113 000000CE 6669657220696E636F-
   114 000000CE 72726563742E       
   115 000000EF 0A00                    db LF, NULL
   116 000000F1 4572726F722C20636F-    errClrValue db "Error, color value must be between 0 and 262414110(7)."
   117 000000F1 6C6F722076616C7565-
   118 000000F1 206D75737420626520-
   119 000000F1 6265747765656E2030-
   120 000000F1 20616E642032363234-
   121 000000F1 31343131302837292E 
   122 00000127 0A00                    db LF, NULL
   123                                 
   124 00000129 4572726F722C207369-    errSizSpec db "Error, size specifier incorrect."
   125 00000129 7A6520737065636966-
   126 00000129 69657220696E636F72-
   127 00000129 726563742E         
   128 00000149 0A00                    db LF, NULL
   129 0000014B 4572726F722C207369-    errSizValue db "Error, size value must be between 202(7) and 5555(7)."
   130 0000014B 7A652076616C756520-
   131 0000014B 6D7573742062652062-
   132 0000014B 65747765656E203230-
   133 0000014B 3228372920616E6420-
   134 0000014B 353535352837292E   
   135 00000180 0A00                    db LF, NULL
   136                                 
   137                                 
   138                                 
   139                                 
   140 00000182 0000000000000000       t dq 0.0
   141 0000018A 0000000000000000       s dq 0.0
   142 00000192 FCA9F1D24D62503F       tStep dq 0.001
   143 0000019A 0000000000000000       sStep dq 0.0
   144 000001A2 0000000000000000       x dq 0
   145 000001AA 0000000000000000       y dq 0
   146 000001B2 00000000004CBD40       scale dq 7500.0
   147                                 
   148 000001BA 0000000000000000       fltZero dq 0.0
   149 000001C2 000000000000F03F       fltOne dq 1.0
   150 000001CA 0000000000000040       fltTwo dq 2.0
   151 000001D2 0000000000000840       fltThree dq 3.0
   152 000001DA 0000000000001040       fltFour dq 4.0
   153 000001E2 0000000000001840       fltSix dq 6.0
   154 000001EA 0000000000000000       fltTwoPiS dq 0.0
   155                                 
   156 000001F2 F4D64354FB210940       pi dq 3.14159265358
   157                                 
   158 000001FA 0000000000000000       fltTmp1 dq 0.0
   159 00000202 0000000000000000       fltTmp2 dq 0.0
   160                                 
   161 0000020A 00000000               red dd 0
   162 0000020E 00000000               green dd 0
   163 00000212 00000000               blue dd 0
   164                                 
   165                                 
   166                                 
   167                                 
   168                                 [section .text]
   169                                 
   170                                 
   171                                 
   172                                 
   173                                 [extern glutInit]
   174                                 %line 137+0 a10procs.asm
   175                                 [extern glutInitDisplayMode]
   176                                 [extern glutInitWindowSize]
   177                                 [extern glutInitWindowPosition]
   178                                 %line 138+1 a10procs.asm
   179                                 [extern glutCreateWindow]
   180                                 %line 138+0 a10procs.asm
   181                                 [extern glutMainLoop]
   182                                 %line 139+1 a10procs.asm
   183                                 [extern glutDisplayFunc]
   184                                 %line 139+0 a10procs.asm
   185                                 [extern glutIdleFunc]
   186                                 [extern glutReshapeFunc]
   187                                 [extern glutKeyboardFunc]
   188                                 %line 140+1 a10procs.asm
   189                                 [extern glutSwapBuffers]
   190                                 %line 140+0 a10procs.asm
   191                                 [extern gluPerspective]
   192                                 [extern glutPostRedisplay]
   193                                 %line 141+1 a10procs.asm
   194                                 [extern glClearColor]
   195                                 %line 141+0 a10procs.asm
   196                                 [extern glClearDepth]
   197                                 [extern glDepthFunc]
   198                                 [extern glEnable]
   199                                 [extern glShadeModel]
   200                                 %line 142+1 a10procs.asm
   201                                 [extern glClear]
   202                                 %line 142+0 a10procs.asm
   203                                 [extern glLoadIdentity]
   204                                 [extern glMatrixMode]
   205                                 [extern glViewport]
   206                                 %line 143+1 a10procs.asm
   207                                 [extern glTranslatef]
   208                                 %line 143+0 a10procs.asm
   209                                 [extern glRotatef]
   210                                 [extern glBegin]
   211                                 [extern glEnd]
   212                                 [extern glVertex3f]
   213                                 [extern glColor3f]
   214                                 %line 144+1 a10procs.asm
   215                                 [extern glVertex2f]
   216                                 %line 144+0 a10procs.asm
   217                                 [extern glVertex2i]
   218                                 [extern glColor3ub]
   219                                 [extern glOrtho]
   220                                 [extern glFlush]
   221                                 [extern glVertex2d]
   222                                 %line 145+1 a10procs.asm
   223                                 
   224                                 [extern cos]
   225                                 %line 146+0 a10procs.asm
   226                                 [extern sin]
   227                                 %line 147+1 a10procs.asm
   228                                 
   229                                 
   230                                 
   231                                 
   232                                 
   233                                 
   234                                 
   235                                 
   236                                 
   237                                 
   238                                 
   239                                 
   240                                 
   241                                 
   242                                 
   243                                 
   244                                 
   245                                 
   246                                 
   247                                 
   248                                 
   249                                 
   250                                 
   251                                 [global getParams]
   252                                 getParams:
   253 00000000 55                     push rbp
   254 00000001 4889E5                 mov rbp, rsp
   255 00000004 4883EC27               sub rsp, 39
   256                                 
   257 00000008 4150                   push r8
   258 0000000A 4151                   push r9
   259 0000000C 4154                   push r12
   260 0000000E 4155                   push r13
   261 00000010 4156                   push r14
   262                                 
   263 00000012 4989FC                 mov r12, rdi
   264 00000015 49C7C500000000         mov r13, 0
   265 0000001C 4989F6                 mov r14, rsi
   266                                 
   267 0000001F 57                     push rdi
   268 00000020 56                     push rsi
   269                                 
   270                                 
   271 00000021 4983FC01               cmp r12, 1
   272 00000025 0F8461010000           je errUsage_
   273                                 
   274                                 
   275 0000002B 4983FC07               cmp r12, 7
   276 0000002F 0F8560010000           jne errBadCL_
   277                                 
   278                                 
   279                                 
   280 00000035 4D8B6E08               mov r13, qword[r14 + 8]
   281                                 
   282 00000039 41807D002D             cmp byte[r13], '-'
   283 0000003E 0F855A010000           jne errSpdSpec_
   284 00000044 41807D0173             cmp byte[r13 + 1], 's'
   285 00000049 0F854F010000           jne errSpdSpec_
   286 0000004F 41807D0270             cmp byte[r13 + 2], 'p'
   287 00000054 0F8544010000           jne errSpdSpec_
   288 0000005A 41807D0300             cmp byte[r13 + 3], NULL
   289 0000005F 0F8539010000           jne errSpdSpec_
   290                                 
   291                                 
   292 00000065 48C7C000000000         mov rax, 0
   293 0000006C 49C7C000000000         mov r8, 0
   294 00000073 4C8D4DEF               lea r9, byte[rbp - 17]
   295 00000077 4D8B6E10               mov r13, qword[r14 + 16]
   296                                 
   297                                 arg2Lp:
   298 0000007B 43807C050000           cmp byte[r13 + r8], NULL
   299 00000081 740C                   je arg2Convert
   300 00000083 438A440500             mov al, byte[r13 + r8]
   301 00000088 43880401               mov byte[r9 + r8], al
   302 0000008C 49FFC0                 inc r8
   303 0000008F EBE8                   jmp arg2Lp
   304                                 
   305                                 arg2Convert:
   306                                 
   307                                 
   308                                 
   309                                 
   310                                 
   311 00000091 43C6040100             mov byte[r9 + r8], NULL
   312 00000096 4C89CF                 mov rdi, r9
   313 00000099 4889D6                 mov rsi, rdx
   314                                 
   315 0000009C E8F3010000             call aSept2int
   316                                 
   317 000000A1 4883F800               cmp rax, FALSE
   318 000000A5 0F84FC000000           je errSpdValue_
   319                                 
   320                                 
   321 000000AB 4D8B6E18               mov r13, qword[r14 + 24]
   322                                 
   323 000000AF 41807D002D             cmp byte[r13], '-'
   324 000000B4 0F85F6000000           jne errClrSpec_
   325 000000BA 41807D0163             cmp byte[r13 + 1], 'c'
   326 000000BF 0F85EB000000           jne errClrSpec_
   327 000000C5 41807D026C             cmp byte[r13 + 2], 'l'
   328 000000CA 0F85E0000000           jne errClrSpec_
   329 000000D0 41807D0300             cmp byte[r13 + 3], NULL
   330 000000D5 0F85D5000000           jne errClrSpec_
   331                                 
   332                                 
   333 000000DB 48C7C000000000         mov rax, 0
   334 000000E2 49C7C000000000         mov r8, 0
   335 000000E9 4C8D4DE4               lea r9, byte[rbp - 28]
   336 000000ED 4D8B6E20               mov r13, qword[r14 + 32]
   337                                 
   338                                 arg4Lp:
   339 000000F1 43807C050000           cmp byte[r13 + r8], NULL
   340 000000F7 740C                   je arg4Convert
   341 000000F9 438A440500             mov al, byte[r13 + r8]
   342 000000FE 43880401               mov byte[r9 + r8], al
   343 00000102 49FFC0                 inc r8
   344 00000105 EBE8                   jmp arg4Lp
   345                                 
   346                                 arg4Convert:
   347                                 
   348 00000107 41803932               cmp byte[r9], "2"
   349 0000010B 7505                   jne next2
   350 0000010D 48C7C000000000         mov rax, FALSE
   351                                 next2:
   352                                 
   353                                 
   354                                 
   355                                 
   356                                 
   357                                 
   358 00000114 4883F800               cmp rax, FALSE
   359 00000118 0F849B000000           je errClrValue_
   360                                 
   361                                 
   362                                 
   363 0000011E 4D8B6E28               mov r13, qword[r14 + 40]
   364                                 
   365 00000122 41807D002D             cmp byte[r13], '-'
   366 00000127 0F8595000000           jne errSizSpec_
   367 0000012D 41807D0173             cmp byte[r13 + 1], 's'
   368 00000132 0F858A000000           jne errSizSpec_
   369 00000138 41807D027A             cmp byte[r13 + 2], 'z'
   370 0000013D 0F857F000000           jne errSizSpec_
   371 00000143 41807D0300             cmp byte[r13 + 3], NULL
   372 00000148 757C                   jne errSizSpec_
   373                                 
   374                                 
   375 0000014A 48C7C000000000         mov rax, 0
   376 00000151 49C7C000000000         mov r8, 0
   377 00000158 4C8D4DD9               lea r9, byte[rbp - 39]
   378 0000015C 4D8B6E30               mov r13, qword[r14 + 48]
   379                                 
   380                                 arg6Lp:
   381 00000160 43807C050000           cmp byte[r13 + r8], NULL
   382 00000166 740C                   je arg6Convert
   383 00000168 438A440500             mov al, byte[r13 + r8]
   384 0000016D 43880401               mov byte[r9 + r8], al
   385 00000171 49FFC0                 inc r8
   386 00000174 EBE8                   jmp arg6Lp
   387                                 
   388                                 arg6Convert:
   389                                 
   390 00000176 41803932               cmp byte[r9], "2"
   391 0000017A 7505                   jne next3
   392 0000017C 48C7C000000000         mov rax, FALSE
   393                                 next3:
   394                                 
   395                                 
   396                                 
   397                                 
   398                                 
   399                                 
   400 00000183 4883F800               cmp rax, FALSE
   401 00000187 7446                   je errSizValue_
   402                                 
   403 00000189 48C7C001000000         mov rax, TRUE
   404 00000190 EB52                   jmp doneSuccess
   405                                 
   406                                 
   407                                 errUsage_:
   408 00000192 48C7C7[00000000]       mov rdi, errUsage
   409 00000199 EB3D                   jmp doneError
   410                                 
   411                                 errBadCL_:
   412 0000019B 48C7C7[00000000]       mov rdi, errBadCL
   413 000001A2 EB34                   jmp doneError
   414                                 
   415                                 errSpdSpec_:
   416 000001A4 48C7C7[00000000]       mov rdi, errSpdSpec
   417 000001AB EB2B                   jmp doneError
   418                                 
   419                                 errSpdValue_:
   420 000001AD 48C7C7[00000000]       mov rdi, errSpdValue
   421 000001B4 EB22                   jmp doneError
   422                                 
   423                                 errClrSpec_:
   424 000001B6 48C7C7[00000000]       mov rdi, errClrSpec
   425 000001BD EB19                   jmp doneError
   426                                 
   427                                 errClrValue_:
   428 000001BF 48C7C7[00000000]       mov rdi, errClrValue
   429 000001C6 EB10                   jmp doneError
   430                                 
   431                                 errSizSpec_:
   432 000001C8 48C7C7[00000000]       mov rdi, errSizSpec
   433 000001CF EB07                   jmp doneError
   434                                 
   435                                 errSizValue_:
   436 000001D1 48C7C7[00000000]       mov rdi, errSizValue
   437 000001D8 EBFE                   jmp doneError
   438                                 
   439                                 doneError:
   440 000001DA E882000000             call printString
   441 000001DF 48C7C000000000         mov rax, FALSE
   442                                 
   443                                 doneSuccess:
   444 000001E6 5E                     pop rsi
   445 000001E7 5F                     pop rdi
   446 000001E8 415E                   pop r14
   447 000001EA 415D                   pop r13
   448 000001EC 415C                   pop r12
   449 000001EE 4159                   pop r9
   450 000001F0 4158                   pop r8
   451                                 
   452 000001F2 4889EC                 mov rsp, rbp
   453 000001F5 5D                     pop rbp
   454                                 
   455 000001F6 C3                     ret
   456                                 
   457                                 
   458                                 
   459                                 
   460                                 
   461                                 
   462                                 
   463                                 
   464                                 
   465                                 
   466                                 
   467                                 
   468                                 
   469                                 
   470                                 
   471                                 [common speed 1:4]
   472                                 [common color 1:4]
   473                                 [common size 1:4]
   474                                 
   475                                 [global drawWheels]
   476                                 drawWheels:
   477 000001F7 55                      push rbp
   478                                 
   479                                 
   480                                 
   481                                 
   482                                 
   483                                 
   484                                 
   485                                 
   486                                 
   487                                 
   488                                 
   489                                 
   490                                 
   491 000001F8 48C7C700400000          mov rdi, GL_COLOR_BUFFER_BIT
   492 000001FF E8(F6FFFFFF)            call glClear
   493                                 
   494                                 
   495 00000204 48C7C700000000          mov rdi, GL_POINTS
   496 0000020B E8(F6FFFFFF)            call glBegin
   497                                 
   498                                 
   499                                 
   500                                 
   501                                 
   502                                 
   503                                 
   504                                 
   505                                 
   506                                 
   507                                 
   508                                 
   509                                 
   510                                 
   511                                 
   512                                 
   513                                 
   514                                 
   515                                 
   516 00000210 E8(F6FFFFFF)            call glEnd
   517 00000215 E8(F6FFFFFF)            call glFlush
   518                                 
   519                                 
   520                                 
   521                                 
   522                                 
   523                                 
   524 0000021A F20F100425[00000000]      movsd xmm0, qword [s]
   525 00000223 F20F580425[00000000]      addsd xmm0, qword [sStep]
   526 0000022C F20F110425[00000000]      movsd qword [s], xmm0
   527                                 
   528 00000235 F20F100425[00000000]      movsd xmm0, qword [s]
   529 0000023E F20F100C25[00000000]      movsd xmm1, qword [fltOne]
   530 00000247 660F2EC1                ucomisd xmm0, xmm1
   531 0000024B 7610                    jbe resetDone
   532                                 
   533 0000024D F20F100425[00000000]      movsd xmm0, qword [fltZero]
   534 00000256 F20F110425[00000000]      movsd qword [sStep], xmm0
   535                                 resetDone:
   536                                 
   537 0000025F E8(F6FFFFFF)            call glutPostRedisplay
   538                                 
   539                                 
   540                                 
   541 00000264 5D                      pop rbp
   542 00000265 C3                      ret
   543                                 
   544                                 
   545                                 
   546                                 
   547                                 
   548                                 
   549                                 
   550                                 
   551                                 
   552                                 
   553                                 
   554                                 
   555                                 
   556                                 [global printString]
   557                                 printString:
   558 00000266 53                      push rbx
   559                                 
   560                                 
   561                                 
   562                                 
   563 00000267 4889FB                  mov rbx, rdi
   564 0000026A 48C7C200000000          mov rdx, 0
   565                                 strCountLoop:
   566 00000271 803B00                  cmp byte [rbx], NULL
   567 00000274 7406                    je strCountDone
   568 00000276 48FFC3                  inc rbx
   569 00000279 48FFC2                  inc rdx
   570 0000027C EBF1                    jmp strCountLoop
   571                                 strCountDone:
   572                                 
   573 0000027E 4883FA00                cmp rdx, 0
   574 00000282 7411                    je prtDone
   575                                 
   576                                 
   577                                 
   578                                 
   579 00000284 48C7C001000000          mov rax, SYS_write
   580 0000028B 4889FE                  mov rsi, rdi
   581 0000028E 48C7C701000000          mov rdi, STDOUT
   582                                 
   583 00000295 0F05                    syscall
   584                                 
   585                                 
   586                                 
   587                                 
   588                                 prtDone:
   589 00000297 5B                      pop rbx
   590 00000298 C3                      ret
   591                                 
   592                                 
   593                                 
   594                                 [global aSept2int]
   595                                 aSept2int:
   596                                 
   597 00000299 53                     push rbx
   598 0000029A 51                     push rcx
   599 0000029B 52                     push rdx
   600 0000029C 4154                   push r12
   601 0000029E 4155                   push r13
   602 000002A0 4156                   push r14
   603                                 
   604 000002A2 49C7C200000000         mov r10, 0
   605 000002A9 49C7C600000000         mov r14, 0
   606 000002B0 48C7C000000000         mov rax, 0
   607                                 
   608 000002B7 EB07                   jmp checkLength
   609                                 
   610                                 spaces:
   611 000002B9 4883F800               cmp rax, 0
   612 000002BD 754E                   jne convFail
   613 000002BF 49FFC2                 inc r10
   614                                 
   615                                 checkLength:
   616 000002C2 49C7C300000000         mov r11, 0
   617 000002C9 4983FE32               cmp r14, 50
   618 000002CD 743E                   je convFail
   619                                 
   620 000002CF 468A1C17               mov r11b, byte[rdi + r10]
   621 000002D3 48C7C207000000         mov rdx, 7
   622 000002DA 4180FB00               cmp r11b, NULL
   623 000002DE 7434                   je convEnd
   624                                 
   625                                 conv2Int:
   626 000002E0 4180FB20               cmp r11b, ' '
   627 000002E4 74D1                   je spaces
   628 000002E6 4180EB30               sub r11b, '0'
   629 000002EA 4180FB00               cmp r11b, 0
   630 000002EE 7C1D                   jl convFail
   631 000002F0 4180FB07               cmp r11b, 7
   632 000002F4 7F17                   jg convFail
   633 000002F6 48F7E2                 mul rdx
   634 000002F9 4400D8                 add al, r11b
   635 000002FC 49FFC6                 inc r14
   636 000002FF 49FFC2                 inc r10
   637 00000302 EBBC                   jmp checkLength
   638                                 
   639                                 convSuccess:
   640 00000304 8906                   mov dword[rsi], eax
   641 00000306 48C7C001000000         mov rax, TRUE
   642 0000030D EB05                   jmp convEnd
   643                                 
   644                                 convFail:
   645 0000030F 48C7C000000000         mov rax, FALSE
   646                                 
   647                                 convEnd:
   648 00000316 415E                   pop r14
   649 00000318 415D                   pop r13
   650 0000031A 415C                   pop r12
   651 0000031C 5A                     pop rdx
   652 0000031D 59                     pop rcx
   653 0000031E 5B                     pop rbx
   654                                 
   655 0000031F C3                     ret
